[
  {
    "SourceFilePath": "package.json",
    "LineRange": {
      "Start": 5,
      "End": 5
    },
    "ReversedLineRange": {
      "Start": 124,
      "End": 124
    },
    "Lines": [
      "  \"version\": \"0.0.1\","
    ],
    "AllLinesHash": "4ff4350f46464acbbb92d14691cdbadba50c129e3334aa607b1d7c9b98374c015618318f20c01ea9c7905923b017450e8f90b9902f24a5ca09bb2c4dd666e34f",
    "TotalLinesInFile": 129
  },
  {
    "SourceFilePath": "package.json",
    "LineRange": {
      "Start": 47,
      "End": 52
    },
    "ReversedLineRange": {
      "Start": 77,
      "End": 82
    },
    "Lines": [
      "      \"properties\": {",
      "        \"copyReferenceAdvanced.lineOffset\": {",
      "          \"type\": \"integer\",",
      "          \"default\": 1,",
      "          \"description\": \"The value that will be added to the real (zero-based) line number\"",
      "        },"
    ],
    "AllLinesHash": "8060ee4ac2e16b14e594dcb2e215cde834a32012586cad0d7fb8414cf8a2b3cd421238e99165be3a66845590f5452152e490971c0a2e7aabc62f9cc983ad9c66",
    "TotalLinesInFile": 129
  },
  {
    "SourceFilePath": "package.json",
    "LineRange": {
      "Start": 34,
      "End": 37
    },
    "ReversedLineRange": {
      "Start": 92,
      "End": 95
    },
    "Lines": [
      "      {",
      "        \"command\": \"extension.copyReferenceAdvanced\",",
      "        \"title\": \"CopyReference Advanced\"",
      "      }"
    ],
    "AllLinesHash": "81c4778168f8ef07e4e685131b50ba924da48997ef4e63a2e894b3bfa6c508f2c42f9036642729463c7deb7fbdde81dfe2f5e1251fb559d71e219c7c33cb87b6",
    "TotalLinesInFile": 129
  },
  {
    "SourceFilePath": "package.json",
    "LineRange": {
      "Start": 34,
      "End": 37
    },
    "ReversedLineRange": {
      "Start": 92,
      "End": 95
    },
    "Lines": [
      "      {",
      "        \"command\": \"extension.copyReferenceAdvanced\",",
      "        \"title\": \"CopyReference Advanced\"",
      "      }"
    ],
    "AllLinesHash": "81c4778168f8ef07e4e685131b50ba924da48997ef4e63a2e894b3bfa6c508f2c42f9036642729463c7deb7fbdde81dfe2f5e1251fb559d71e219c7c33cb87b6",
    "TotalLinesInFile": 129
  },
  {
    "SourceFilePath": "package.json",
    "LineRange": {
      "Start": 48,
      "End": 52
    },
    "ReversedLineRange": {
      "Start": 77,
      "End": 81
    },
    "Lines": [
      "        \"copyReferenceAdvanced.lineOffset\": {",
      "          \"type\": \"integer\",",
      "          \"default\": 1,",
      "          \"description\": \"The value that will be added to the real (zero-based) line number\"",
      "        },"
    ],
    "AllLinesHash": "4406cbce12e40a5e7a5f4cb4a0c776c176da37f5daabfe4334bfbea096de2f9e7f42c86f73e16e62dc3281ddf9e531b9445e0c8616f6dd15e5016fa83a7bb61a",
    "TotalLinesInFile": 129
  },
  {
    "SourceFilePath": "package.json",
    "LineRange": {
      "Start": 53,
      "End": 57
    },
    "ReversedLineRange": {
      "Start": 72,
      "End": 76
    },
    "Lines": [
      "        \"copyReferenceAdvanced.pathLineNumberDelimiter\": {",
      "          \"type\": \"string\",",
      "          \"default\": \":\",",
      "          \"description\": \"The delimiter for the path and line numbers: [path][DELIMITER][line(s)] e.g. my/file.txt:1-10\"",
      "        },"
    ],
    "AllLinesHash": "f96aa35b8c936379d61b9fb1ef906eadda362e91a45207e12e4a7a80cf5d5af1f1c25b634d4f600c46112f01f8a28930cb77e65aef298b2fefee631cfd12cb31",
    "TotalLinesInFile": 129
  },
  {
    "SourceFilePath": "package.json",
    "LineRange": {
      "Start": 58,
      "End": 62
    },
    "ReversedLineRange": {
      "Start": 67,
      "End": 71
    },
    "Lines": [
      "        \"copyReferenceAdvanced.lineNumberDelimiter\": {",
      "          \"type\": \"string\",",
      "          \"default\": \"-\",",
      "          \"description\": \"The delimiter for the two line numbers e.g. default: [line]-[line]\"",
      "        },"
    ],
    "AllLinesHash": "8aace336261765d77892728ce3df119ab5e5f6612a28c9934c614956fb82e2a11e1328f8af6152f7879add03785aa1f791af67a74d387bcace32e3956f3ddd51",
    "TotalLinesInFile": 129
  },
  {
    "SourceFilePath": "package.json",
    "LineRange": {
      "Start": 63,
      "End": 67
    },
    "ReversedLineRange": {
      "Start": 62,
      "End": 66
    },
    "Lines": [
      "        \"copyReferenceAdvanced.collapseSingleLineNumbers\": {",
      "          \"type\": \"boolean\",",
      "          \"default\": true,",
      "          \"description\": \"True: when only one line was selected e.g. 16 the output will be 16 without line number delimiter, false: the output will be 16-16 (in case of the default line number delimiter)\"",
      "        },"
    ],
    "AllLinesHash": "a5efbfdf7c1070317380b4fce05e7efec119a6372aadd3a9d78d3a63fb2319801d803426697701454da9e6ef650ab7e2547222ebb76414b5843b4487253b921c",
    "TotalLinesInFile": 129
  },
  {
    "SourceFilePath": "package.json",
    "LineRange": {
      "Start": 68,
      "End": 72
    },
    "ReversedLineRange": {
      "Start": 57,
      "End": 61
    },
    "Lines": [
      "        \"copyReferenceAdvanced.prependToPath\": {",
      "          \"type\": \"string\",",
      "          \"default\": \"\",",
      "          \"description\": \"A string/path that should be prepended to the path\"",
      "        },"
    ],
    "AllLinesHash": "ceb507c3da884f8903d54c49e17257379922fce616aa7143c074aa87b3ec5e61128157944da9fe2f0d09d0a89db32ee0d8cd8b06a01b45443a2b978f924e4cbd",
    "TotalLinesInFile": 129
  },
  {
    "SourceFilePath": "package.json",
    "LineRange": {
      "Start": 73,
      "End": 77
    },
    "ReversedLineRange": {
      "Start": 52,
      "End": 56
    },
    "Lines": [
      "        \"copyReferenceAdvanced.appendToPath\": {",
      "          \"type\": \"string\",",
      "          \"default\": \"\",",
      "          \"description\": \"A string/path that should be appended to the path\"",
      "        },"
    ],
    "AllLinesHash": "291a063bbdf615eba5cff379a7c04ad13c6c2686af02b61c6f263eddaf9b29f21e73bc2810df7c03c749fdc944011fd04fd397685692b6110b7cdc3925d760b2",
    "TotalLinesInFile": 129
  },
  {
    "SourceFilePath": "package.json",
    "LineRange": {
      "Start": 78,
      "End": 87
    },
    "ReversedLineRange": {
      "Start": 42,
      "End": 51
    },
    "Lines": [
      "        \"copyReferenceAdvanced.pathMode\": {",
      "          \"type\": \"string\",",
      "          \"enum\": [",
      "            \"absolutePaths\",",
      "            \"relativePaths\",",
      "            \"relativePathsWithoutFolderName\"",
      "          ],",
      "          \"default\": \"relativePathsWithoutFolderName\",",
      "          \"description\": \"absolutePaths: use absolute file paths, relativePaths: use paths relative to the open folder (workspace), relativePathsWithoutFolderName: use paths relative to the open folder (workspace) removing the folder name\"",
      "        },"
    ],
    "AllLinesHash": "7153fcf841a1e534952f8f7ee906020d75b17126dc20252c5256c72d28b5398441ad2f0bdb7cdbabf7297fbb834c4a9098f4972dcd31d0e9908941f2b34670b8",
    "TotalLinesInFile": 129
  },
  {
    "SourceFilePath": "package.json",
    "LineRange": {
      "Start": 88,
      "End": 92
    },
    "ReversedLineRange": {
      "Start": 37,
      "End": 41
    },
    "Lines": [
      "        \"copyReferenceAdvanced.failIfNoFolderIsOpen\": {",
      "          \"type\": \"boolean\",",
      "          \"default\": false,",
      "          \"description\": \"If 'pathMode' is set to relative and no folder is open... True: notify warning because we cannot get a relative path (noting is copied), false: just copy the absolute path (default: false)\"",
      "        },"
    ],
    "AllLinesHash": "7c2c1338562bcf247959906a77179615c4009c622101181ae9fdbaf1b7335d6e2cfe725db19f46e6751cbd7f07b0da8ea7b2655bae032e1e60821943bff85cc7",
    "TotalLinesInFile": 129
  },
  {
    "SourceFilePath": "package.json",
    "LineRange": {
      "Start": 93,
      "End": 97
    },
    "ReversedLineRange": {
      "Start": 32,
      "End": 36
    },
    "Lines": [
      "        \"copyReferenceAdvanced.displayCopiedTimeoutInMs\": {",
      "          \"type\": \"number\",",
      "          \"default\": 5000,",
      "          \"description\": \"The duration the copied text should be displayed as status bar item, use a value <= 0 to not display the item\"",
      "        },"
    ],
    "AllLinesHash": "637a205ff5b4912800c81d8dba90dbf837bd27d626b1dbc0bebdc8c568a3b11cfcbfe41980816ec77eff701776bd38e9b1217a38cb46224ba455a656abef272f",
    "TotalLinesInFile": 129
  },
  {
    "SourceFilePath": "package.json",
    "LineRange": {
      "Start": 98,
      "End": 102
    },
    "ReversedLineRange": {
      "Start": 27,
      "End": 31
    },
    "Lines": [
      "        \"copyReferenceAdvanced.prependToCopiedText\": {",
      "          \"type\": \"string\",",
      "          \"default\": \"\",",
      "          \"description\": \"Some text that should be prepended to the whole copied text\"",
      "        },"
    ],
    "AllLinesHash": "a9ba572f1b36d78623ee4e9e7d9807157ee99420687020f521de4dd7a68bd3a0e71d4f6c110585bed07dde1ae84d650fc6422bb793c6b905bdd94e8744b283ef",
    "TotalLinesInFile": 129
  },
  {
    "SourceFilePath": "package.json",
    "LineRange": {
      "Start": 103,
      "End": 107
    },
    "ReversedLineRange": {
      "Start": 22,
      "End": 26
    },
    "Lines": [
      "        \"copyReferenceAdvanced.appendToCopiedText\": {",
      "          \"type\": \"string\",",
      "          \"default\": \"\",",
      "          \"description\": \"Some text that should be appended to the whole copied text\"",
      "        }"
    ],
    "AllLinesHash": "a02d155bdddda926eba28e16757226cc349a87bfd122020e7888fc846c66b1e3307a759ea11ec6f525cc3800e6d4786db1bcf5474d54235754e1fba81471835f",
    "TotalLinesInFile": 129
  },
  {
    "SourceFilePath": "package.json",
    "LineRange": {
      "Start": 40,
      "End": 43
    },
    "ReversedLineRange": {
      "Start": 86,
      "End": 89
    },
    "Lines": [
      "      {",
      "        \"command\": \"extension.copyReferenceAdvanced\",",
      "        \"key\": \"ctrl+shift+c\"",
      "      }"
    ],
    "AllLinesHash": "817d1f10b418238f19a837c5f37df7a8307417623b8d2d1424d0bab6449497fe640f1d036616239e752e779218d4e0b7c736f1bf2ae279c6c6d5ae8d78e45ce8",
    "TotalLinesInFile": 129
  },
  {
    "SourceFilePath": "package.json",
    "LineRange": {
      "Start": 34,
      "End": 37
    },
    "ReversedLineRange": {
      "Start": 92,
      "End": 95
    },
    "Lines": [
      "      {",
      "        \"command\": \"extension.copyReferenceAdvanced\",",
      "        \"title\": \"CopyReference Advanced\"",
      "      }"
    ],
    "AllLinesHash": "81c4778168f8ef07e4e685131b50ba924da48997ef4e63a2e894b3bfa6c508f2c42f9036642729463c7deb7fbdde81dfe2f5e1251fb559d71e219c7c33cb87b6",
    "TotalLinesInFile": 129
  }
]